331 Password required for invalid-user.
530 Login incorrect.
530 Please login with USER and PASS.
221 Goodbye.
