331 Guest login ok, send your complete e-mail address as password.
230 Guest login ok, access restrictions apply.
200  (end of 'b')
221-You have transferred 0 bytes in 0 files.
221-Thank you for using the FTP service on yuki.cs.virginia.edu.
221 Goodbye.
